error: invalid IPv4 address syntax
 --> tests/fail/ip4.rs:4:18
  |
4 |     let _ = ip4!("192.168.11");
  |                  ^^^^^^^^^^^^
