error: invalid prefix
 --> tests/fail/net4.rs:4:19
  |
4 |     let _ = net4!("192.168.1.1/300");
  |                   ^^^^^^^^^^^^^^^^^
