error: invalid IPv4 socket address syntax
 --> tests/fail/sock4.rs:4:20
  |
4 |     let _ = sock4!("192.168.11:300");
  |                    ^^^^^^^^^^^^^^^^
